{"logTime": "0501/144153", "correlationVector":"KhUrVSAtavjZVu5KcZA4HO.1","action":"SyncServerConnectionManagerRequest", "result":"SYNC_SERVER_OK", "context":{"environment":"Prod_francecentral_prod-s01-062-eur-francecentral", "migrationStage":"NotStarted", "server":"akswtt00700001c"}}
{"logTime": "0501/144153", "correlationVector":"KhUrVSAtavjZVu5KcZA4HO.2","action":"ProcessGetUpdates", "result":"Done", "context":{"dataType":"Encryption Keys", "deleted":"0", "process_failed_to_decrypt":"0", "process_pending_decryption":"0", "process_success":"1", "total":"1"}}
{"logTime": "0501/144159", "correlationVector":"xqSRQadQ8dAlP9eDMFD1Zo","action":"SyncServerConnectionManagerRequest", "result":"SYNC_SERVER_OK", "context":{"environment":"", "migrationStage":"", "server":""}}
{"logTime": "0501/144159", "correlationVector":"xqSRQadQ8dAlP9eDMFD1Zo.0","action":"EncryptionKeysFetcher.DownloadKeys:", "result":"Success", "context":Key count: 10, Last key timestamp: 2025-03-02T20:58:42Z}
{"logTime": "0501/144200", "correlationVector":"xqSRQadQ8dAlP9eDMFD1Zo.1","action":"EncryptionKeysManager::SetEncryptionKeys:", "result":"Success", "context":Key names[10]:[KC7uueTK+29JkFi1gSFTbkvt491gVmhSyITpF5lK2Kx60dKQKC3BGmOxASMZCOfPleHbQcIYFpwN5uJA3TF61w==][RuvEDoidN6SNf3qvmI5b9UPRigUl1INCXVjqC4YuYUi+wWB5NzaW1G4MffVIDHLQ1y+9ObyzJ0WaN4WPCbW8xA==][uD3PklcH6EDb0W+Nx29Tjo+F93FCpbiz44zfJwd3rZQDtPDpTuefiWv7lQDmG3d/ZbWIgT0CdhBwfhM0aRRn+Q==][u2fjDTLmpFnrTDjeeomMhxcV2G7vVvpMr4TIzPPn1hBUP1muQ71QIMP3Leealn8x0V/9N6u2SpvoOUkjbphPyg==][NPhL1MnkLfadQnPhkUARY3vAxrLQR+mL5kvi58bvqYWbXgFThPhyODrF49K5y+f4gVZmyO1xbccQ4zlIf2wVjA==][VIDYjS9kytlQCDwDzSG+OUi19GqGW/6GakkRhRLFOXSH1+ucuw5uZe2BbVKKfI6eh75hSUE84FvTAvpvHR/Wlg==][gBzDv0qjqGXqvnoVETcZUk2TWER16SBDUDUTOLPs9gDxCv7SNrg9bsSekAApZXJ5sCMuVO/8u/D/ixnNZAj/kg==][Y68AojcP6VGHG4UWlxPrsDWFI/ju3ZtEGynOjZVy4eWsnWBkNoFE4S7d/vrb9Z9NZKIwVKNqSIySTCLRP+WZiQ==][aUaC8dWmRoeY7D/b9Eq1rPdYPKyQompHO6teAS0mSEz2iKSy1IzuhrVCw0I84+jcLUs50IlacBXiucy3S7YrPw==][M6zodHg6ybs1Y19DQ4KL+yhyaO963cmXMw9fr6MFth0J1yFPo83r9Pari4B7BHoUlkX2nlDfACKqTi7Pl6SRoA==]}
{"logTime": "0501/144200", "correlationVector":"xqSRQadQ8dAlP9eDMFD1Zo.2","action":"EncryptionKeysManager::SetEncryptionKeysWithTimestamps:", "result":"Success", "context":Key timestamps[10]:[2021-12-19T15:45:15Z][2022-04-13T17:52:45Z][2022-10-12T19:29:46Z][2023-04-11T08:10:38Z][2023-06-05T21:50:22Z][2023-08-29T18:52:57Z][2023-10-09T01:21:49Z][2024-03-06T17:41:19Z][2024-09-03T19:25:29Z][2025-03-02T20:58:42Z]}
{"logTime": "0501/144200", "correlationVector":"KhUrVSAtavjZVu5KcZA4HO","action":"Initial GetUpdates", "result":"", "context":Reason: NEW_CLIENT. cV=KhUrVSAtavjZVu5KcZA4HO}
{"logTime": "0501/144200", "correlationVector":"KhUrVSAtavjZVu5KcZA4HO.3","action":"GetUpdates Response", "result":"Success", "context":Received 1 update(s). cV=KhUrVSAtavjZVu5KcZA4HO.0;server=akswtt00700001c;cloudType=Consumer;environment=Prod_francecentral_prod-s01-062-eur-francecentral;migrationStage=NotStarted}
{"logTime": "0501/144200", "correlationVector":"MRQ+Gjs0j9IxfW5ooIJUgZ","action":"Initial GetUpdates", "result":"", "context":Reason: NEWLY_SUPPORTED_DATATYPE. cV=MRQ+Gjs0j9IxfW5ooIJUgZ}
{"logTime": "0501/144217", "correlationVector":"MRQ+Gjs0j9IxfW5ooIJUgZ.1","action":"SyncServerConnectionManagerRequest", "result":"SYNC_SERVER_OK", "context":{"environment":"Prod_francecentral_prod-s01-062-eur-francecentral", "migrationStage":"NotStarted", "server":"akswtt007000023"}}
{"logTime": "0501/144217", "correlationVector":"MRQ+Gjs0j9IxfW5ooIJUgZ.2","action":"ProcessGetUpdates", "result":"Done", "context":{"dataType":"Preferences", "deleted":"3", "process_failed_to_decrypt":"0", "process_pending_decryption":"0", "process_success":"92", "total":"92"}}
{"logTime": "0501/144217", "correlationVector":"MRQ+Gjs0j9IxfW5ooIJUgZ.3","action":"ProcessGetUpdates", "result":"Done", "context":{"dataType":"Passwords", "deleted":"6", "process_failed_to_decrypt":"0", "process_pending_decryption":"0", "process_success":"129", "total":"129"}}
{"logTime": "0501/144217", "correlationVector":"MRQ+Gjs0j9IxfW5ooIJUgZ.4","action":"ProcessGetUpdates", "result":"Done", "context":{"dataType":"Device Info", "deleted":"0", "process_failed_to_decrypt":"0", "process_pending_decryption":"0", "process_success":"29", "total":"29"}}
{"logTime": "0501/144217", "correlationVector":"MRQ+Gjs0j9IxfW5ooIJUgZ.5","action":"GetUpdates Response", "result":"Success", "context":Received 250 update(s). cV=MRQ+Gjs0j9IxfW5ooIJUgZ.0;server=akswtt007000023;cloudType=Consumer;environment=Prod_francecentral_prod-s01-062-eur-francecentral;migrationStage=NotStarted Some updates remain.}
{"logTime": "0501/144217", "correlationVector":"kPwb850WcrT70wWT1OvkeU","action":"Initial GetUpdates", "result":"", "context":Reason: NEWLY_SUPPORTED_DATATYPE. cV=kPwb850WcrT70wWT1OvkeU}
{"logTime": "0501/144218", "correlationVector":"kPwb850WcrT70wWT1OvkeU.1","action":"SyncServerConnectionManagerRequest", "result":"SYNC_SERVER_OK", "context":{"environment":"Prod_francecentral_prod-s01-062-eur-francecentral", "migrationStage":"NotStarted", "server":"akswtt007000023"}}
{"logTime": "0501/144218", "correlationVector":"kPwb850WcrT70wWT1OvkeU.2","action":"ProcessGetUpdates", "result":"Done", "context":{"dataType":"Preferences", "deleted":"46", "process_failed_to_decrypt":"0", "process_pending_decryption":"0", "process_success":"50", "total":"50"}}
{"logTime": "0501/144218", "correlationVector":"kPwb850WcrT70wWT1OvkeU.3","action":"ProcessGetUpdates", "result":"Done", "context":{"dataType":"Passwords", "deleted":"1", "process_failed_to_decrypt":"0", "process_pending_decryption":"0", "process_success":"195", "total":"195"}}
{"logTime": "0501/144218", "correlationVector":"kPwb850WcrT70wWT1OvkeU.4","action":"ProcessGetUpdates", "result":"Done", "context":{"dataType":"Device Info", "deleted":"0", "process_failed_to_decrypt":"0", "process_pending_decryption":"0", "process_success":"5", "total":"5"}}
{"logTime": "0501/144219", "correlationVector":"kPwb850WcrT70wWT1OvkeU.5","action":"GetUpdates Response", "result":"Success", "context":Received 250 update(s). cV=kPwb850WcrT70wWT1OvkeU.0;server=akswtt007000023;cloudType=Consumer;environment=Prod_francecentral_prod-s01-062-eur-francecentral;migrationStage=NotStarted Some updates remain.}
{"logTime": "0501/144219", "correlationVector":"YWSq0SCSHCmd6Ott0D6eLR","action":"Initial GetUpdates", "result":"", "context":Reason: NEWLY_SUPPORTED_DATATYPE. cV=YWSq0SCSHCmd6Ott0D6eLR}
{"logTime": "0501/144222", "correlationVector":"YWSq0SCSHCmd6Ott0D6eLR.1","action":"SyncServerConnectionManagerRequest", "result":"SYNC_SERVER_OK", "context":{"environment":"Prod_francecentral_prod-s01-062-eur-francecentral", "migrationStage":"NotStarted", "server":"akswtt00700000h"}}
{"logTime": "0501/144222", "correlationVector":"YWSq0SCSHCmd6Ott0D6eLR.2","action":"ProcessGetUpdates", "result":"Done", "context":{"dataType":"Preferences", "deleted":"26", "process_failed_to_decrypt":"0", "process_pending_decryption":"0", "process_success":"46", "total":"46"}}
{"logTime": "0501/144222", "correlationVector":"YWSq0SCSHCmd6Ott0D6eLR.3","action":"ProcessGetUpdates", "result":"Done", "context":{"dataType":"Passwords", "deleted":"0", "process_failed_to_decrypt":"0", "process_pending_decryption":"0", "process_success":"3", "total":"3"}}
{"logTime": "0501/144222", "correlationVector":"YWSq0SCSHCmd6Ott0D6eLR.4","action":"ProcessGetUpdates", "result":"Done", "context":{"dataType":"Device Info", "deleted":"0", "process_failed_to_decrypt":"0", "process_pending_decryption":"0", "process_success":"8", "total":"8"}}
{"logTime": "0501/144222", "correlationVector":"YWSq0SCSHCmd6Ott0D6eLR.5","action":"GetUpdates Response", "result":"Success", "context":Received 57 update(s). cV=YWSq0SCSHCmd6Ott0D6eLR.0;server=akswtt00700000h;cloudType=Consumer;environment=Prod_francecentral_prod-s01-062-eur-francecentral;migrationStage=NotStarted}
{"logTime": "0501/144222", "correlationVector":"GSdI1ZijywtyTCIQHGWXPG","action":"Initial GetUpdates", "result":"", "context":Reason: NEWLY_SUPPORTED_DATATYPE. cV=GSdI1ZijywtyTCIQHGWXPG}
{"logTime": "0501/144222", "correlationVector":"GSdI1ZijywtyTCIQHGWXPG.1","action":"SyncServerConnectionManagerRequest", "result":"SYNC_SERVER_OK", "context":{"environment":"Prod_francecentral_prod-s01-062-eur-francecentral", "migrationStage":"NotStarted", "server":"akswtt007000016"}}
{"logTime": "0501/144222", "correlationVector":"GSdI1ZijywtyTCIQHGWXPG.2","action":"ProcessGetUpdates", "result":"Done", "context":{"dataType":"Bookmarks", "deleted":"0", "process_failed_to_decrypt":"0", "process_pending_decryption":"0", "process_success":"89", "total":"89"}}
{"logTime": "0501/144222", "correlationVector":"GSdI1ZijywtyTCIQHGWXPG.3","action":"GetUpdates Response", "result":"Success", "context":Received 89 update(s). cV=GSdI1ZijywtyTCIQHGWXPG.0;server=akswtt007000016;cloudType=Consumer;environment=Prod_francecentral_prod-s01-062-eur-francecentral;migrationStage=NotStarted}
{"logTime": "0501/144222", "correlationVector":"awaxy/mIDtyAzF6cbNGXsr","action":"Initial GetUpdates", "result":"", "context":Reason: NEWLY_SUPPORTED_DATATYPE. cV=awaxy/mIDtyAzF6cbNGXsr}
{"logTime": "0501/144224", "correlationVector":"awaxy/mIDtyAzF6cbNGXsr.1","action":"SyncServerConnectionManagerRequest", "result":"SYNC_SERVER_OK", "context":{"environment":"Prod_francecentral_prod-s01-062-eur-francecentral", "migrationStage":"NotStarted", "server":"akswtt00700003d"}}
{"logTime": "0501/144224", "correlationVector":"awaxy/mIDtyAzF6cbNGXsr.2","action":"ProcessGetUpdates", "result":"Done", "context":{"dataType":"Autofill Profiles", "deleted":"1", "process_failed_to_decrypt":"0", "process_pending_decryption":"0", "process_success":"10", "total":"10"}}
{"logTime": "0501/144224", "correlationVector":"awaxy/mIDtyAzF6cbNGXsr.3","action":"ProcessGetUpdates", "result":"Done", "context":{"dataType":"Autofill", "deleted":"0", "process_failed_to_decrypt":"0", "process_pending_decryption":"0", "process_success":"132", "total":"132"}}
{"logTime": "0501/144224", "correlationVector":"awaxy/mIDtyAzF6cbNGXsr.4","action":"ProcessGetUpdates", "result":"Done", "context":{"dataType":"Sessions", "deleted":"57", "process_failed_to_decrypt":"0", "process_pending_decryption":"0", "process_success":"57", "total":"57"}}
{"logTime": "0501/144224", "correlationVector":"awaxy/mIDtyAzF6cbNGXsr.5","action":"ProcessGetUpdates", "result":"Done", "context":{"dataType":"Extension settings", "deleted":"0", "process_failed_to_decrypt":"0", "process_pending_decryption":"0", "process_success":"12", "total":"12"}}
{"logTime": "0501/144224", "correlationVector":"awaxy/mIDtyAzF6cbNGXsr.6","action":"ProcessGetUpdates", "result":"Done", "context":{"dataType":"Web Apps", "deleted":"0", "process_failed_to_decrypt":"0", "process_pending_decryption":"0", "process_success":"1", "total":"1"}}
{"logTime": "0501/144224", "correlationVector":"awaxy/mIDtyAzF6cbNGXsr.7","action":"ProcessGetUpdates", "result":"Done", "context":{"dataType":"Collection", "deleted":"0", "process_failed_to_decrypt":"0", "process_pending_decryption":"0", "process_success":"2", "total":"2"}}
{"logTime": "0501/144224", "correlationVector":"awaxy/mIDtyAzF6cbNGXsr.8","action":"ProcessGetUpdates", "result":"Done", "context":{"dataType":"Edge Hub App Usage", "deleted":"30", "process_failed_to_decrypt":"0", "process_pending_decryption":"0", "process_success":"35", "total":"35"}}
{"logTime": "0501/144224", "correlationVector":"awaxy/mIDtyAzF6cbNGXsr.9","action":"ProcessGetUpdates", "result":"Done", "context":{"dataType":"Edge Tab Group", "deleted":"1", "process_failed_to_decrypt":"0", "process_pending_decryption":"0", "process_success":"1", "total":"1"}}
{"logTime": "0501/144224", "correlationVector":"awaxy/mIDtyAzF6cbNGXsr.10","action":"GetUpdates Response", "result":"Success", "context":Received 250 update(s). cV=awaxy/mIDtyAzF6cbNGXsr.0;server=akswtt00700003d;cloudType=Consumer;environment=Prod_francecentral_prod-s01-062-eur-francecentral;migrationStage=NotStarted Some updates remain.}
{"logTime": "0501/144224", "correlationVector":"JMlV52XINjwXUfjjfpZJHR","action":"Initial GetUpdates", "result":"", "context":Reason: NEWLY_SUPPORTED_DATATYPE. cV=JMlV52XINjwXUfjjfpZJHR}
{"logTime": "0501/144225", "correlationVector":"JMlV52XINjwXUfjjfpZJHR.1","action":"SyncServerConnectionManagerRequest", "result":"SYNC_SERVER_OK", "context":{"environment":"Prod_francecentral_prod-s01-062-eur-francecentral", "migrationStage":"NotStarted", "server":"akswtt007000031"}}
{"logTime": "0501/144225", "correlationVector":"JMlV52XINjwXUfjjfpZJHR.2","action":"ProcessGetUpdates", "result":"Done", "context":{"dataType":"Autofill Profiles", "deleted":"0", "process_failed_to_decrypt":"0", "process_pending_decryption":"0", "process_success":"1", "total":"1"}}
{"logTime": "0501/144225", "correlationVector":"JMlV52XINjwXUfjjfpZJHR.3","action":"ProcessGetUpdates", "result":"Done", "context":{"dataType":"Autofill", "deleted":"0", "process_failed_to_decrypt":"0", "process_pending_decryption":"0", "process_success":"3", "total":"3"}}
{"logTime": "0501/144225", "correlationVector":"JMlV52XINjwXUfjjfpZJHR.4","action":"ProcessGetUpdates", "result":"Done", "context":{"dataType":"Extensions", "deleted":"0", "process_failed_to_decrypt":"0", "process_pending_decryption":"0", "process_success":"6", "total":"6"}}
{"logTime": "0501/144225", "correlationVector":"JMlV52XINjwXUfjjfpZJHR.5","action":"ProcessGetUpdates", "result":"Done", "context":{"dataType":"Sessions", "deleted":"192", "process_failed_to_decrypt":"0", "process_pending_decryption":"0", "process_success":"208", "total":"208"}}
{"logTime": "0501/144225", "correlationVector":"JMlV52XINjwXUfjjfpZJHR.6","action":"ProcessGetUpdates", "result":"Done", "context":{"dataType":"Extension settings", "deleted":"0", "process_failed_to_decrypt":"0", "process_pending_decryption":"0", "process_success":"2", "total":"2"}}
{"logTime": "0501/144225", "correlationVector":"JMlV52XINjwXUfjjfpZJHR.7","action":"ProcessGetUpdates", "result":"Done", "context":{"dataType":"Web Apps", "deleted":"0", "process_failed_to_decrypt":"0", "process_pending_decryption":"0", "process_success":"1", "total":"1"}}
{"logTime": "0501/144225", "correlationVector":"JMlV52XINjwXUfjjfpZJHR.8","action":"ProcessGetUpdates", "result":"Done", "context":{"dataType":"Saved Tab Group", "deleted":"3", "process_failed_to_decrypt":"0", "process_pending_decryption":"0", "process_success":"13", "total":"13"}}
{"logTime": "0501/144225", "correlationVector":"JMlV52XINjwXUfjjfpZJHR.9","action":"ProcessGetUpdates", "result":"Done", "context":{"dataType":"Edge Hub App Usage", "deleted":"12", "process_failed_to_decrypt":"0", "process_pending_decryption":"0", "process_success":"16", "total":"16"}}
{"logTime": "0501/144225", "correlationVector":"JMlV52XINjwXUfjjfpZJHR.10","action":"GetUpdates Response", "result":"Success", "context":Received 250 update(s). cV=JMlV52XINjwXUfjjfpZJHR.0;server=akswtt007000031;cloudType=Consumer;environment=Prod_francecentral_prod-s01-062-eur-francecentral;migrationStage=NotStarted Some updates remain.}
{"logTime": "0501/144225", "correlationVector":"cz8RLri1iglE1u1EKHtQLK","action":"Initial GetUpdates", "result":"", "context":Reason: NEWLY_SUPPORTED_DATATYPE. cV=cz8RLri1iglE1u1EKHtQLK}
{"logTime": "0501/144226", "correlationVector":"cz8RLri1iglE1u1EKHtQLK.1","action":"SyncServerConnectionManagerRequest", "result":"SYNC_SERVER_OK", "context":{"environment":"Prod_francecentral_prod-s01-062-eur-francecentral", "migrationStage":"NotStarted", "server":"akswtt00700003d"}}
{"logTime": "0501/144226", "correlationVector":"cz8RLri1iglE1u1EKHtQLK.2","action":"ProcessGetUpdates", "result":"Done", "context":{"dataType":"Autofill", "deleted":"0", "process_failed_to_decrypt":"0", "process_pending_decryption":"0", "process_success":"1", "total":"1"}}
{"logTime": "0501/144226", "correlationVector":"cz8RLri1iglE1u1EKHtQLK.3","action":"ProcessGetUpdates", "result":"Done", "context":{"dataType":"Extensions", "deleted":"0", "process_failed_to_decrypt":"0", "process_pending_decryption":"0", "process_success":"5", "total":"5"}}
{"logTime": "0501/144226", "correlationVector":"cz8RLri1iglE1u1EKHtQLK.4","action":"ProcessGetUpdates", "result":"Done", "context":{"dataType":"Sessions", "deleted":"13", "process_failed_to_decrypt":"0", "process_pending_decryption":"0", "process_success":"28", "total":"28"}}
{"logTime": "0501/144226", "correlationVector":"cz8RLri1iglE1u1EKHtQLK.5","action":"GetUpdates Response", "result":"Success", "context":Received 34 update(s). cV=cz8RLri1iglE1u1EKHtQLK.0;server=akswtt00700003d;cloudType=Consumer;environment=Prod_francecentral_prod-s01-062-eur-francecentral;migrationStage=NotStarted}
{"logTime": "0501/144226", "correlationVector":"mEbjlLknn+uv701ZI8ZPkJ","action":"Initial GetUpdates", "result":"", "context":Reason: NEWLY_SUPPORTED_DATATYPE. cV=mEbjlLknn+uv701ZI8ZPkJ}
{"logTime": "0501/144227", "correlationVector":"mEbjlLknn+uv701ZI8ZPkJ.1","action":"SyncServerConnectionManagerRequest", "result":"SYNC_SERVER_OK", "context":{"environment":"Prod_francecentral_prod-s01-062-eur-francecentral", "migrationStage":"NotStarted", "server":"akswtt00700000h"}}
{"logTime": "0501/144227", "correlationVector":"mEbjlLknn+uv701ZI8ZPkJ.2","action":"ProcessGetUpdates", "result":"Done", "context":{"dataType":"History", "deleted":"0", "process_failed_to_decrypt":"0", "process_pending_decryption":"0", "process_success":"250", "total":"250"}}
{"logTime": "0501/144227", "correlationVector":"mEbjlLknn+uv701ZI8ZPkJ.3","action":"GetUpdates Response", "result":"Success", "context":Received 250 update(s). cV=mEbjlLknn+uv701ZI8ZPkJ.0;server=akswtt00700000h;cloudType=Consumer;environment=Prod_francecentral_prod-s01-062-eur-francecentral;migrationStage=NotStarted Some updates remain.}
{"logTime": "0501/144227", "correlationVector":"p2sU8gCXLINu1k14VD8SeX","action":"Initial GetUpdates", "result":"", "context":Reason: NEWLY_SUPPORTED_DATATYPE. cV=p2sU8gCXLINu1k14VD8SeX}
{"logTime": "0501/144228", "correlationVector":"p2sU8gCXLINu1k14VD8SeX.1","action":"SyncServerConnectionManagerRequest", "result":"SYNC_SERVER_OK", "context":{"environment":"Prod_francecentral_prod-s01-062-eur-francecentral", "migrationStage":"NotStarted", "server":"akswtt00700002y"}}
{"logTime": "0501/144228", "correlationVector":"p2sU8gCXLINu1k14VD8SeX.2","action":"ProcessGetUpdates", "result":"Done", "context":{"dataType":"History", "deleted":"0", "process_failed_to_decrypt":"0", "process_pending_decryption":"0", "process_success":"250", "total":"250"}}
{"logTime": "0501/144228", "correlationVector":"p2sU8gCXLINu1k14VD8SeX.3","action":"GetUpdates Response", "result":"Success", "context":Received 250 update(s). cV=p2sU8gCXLINu1k14VD8SeX.0;server=akswtt00700002y;cloudType=Consumer;environment=Prod_francecentral_prod-s01-062-eur-francecentral;migrationStage=NotStarted Some updates remain.}
{"logTime": "0501/144228", "correlationVector":"gTM/HBQy075X8B5kop1dJL","action":"Initial GetUpdates", "result":"", "context":Reason: NEWLY_SUPPORTED_DATATYPE. cV=gTM/HBQy075X8B5kop1dJL}
{"logTime": "0501/144229", "correlationVector":"gTM/HBQy075X8B5kop1dJL.1","action":"SyncServerConnectionManagerRequest", "result":"SYNC_SERVER_OK", "context":{"environment":"Prod_francecentral_prod-s01-062-eur-francecentral", "migrationStage":"NotStarted", "server":"akswtt00700002o"}}
{"logTime": "0501/144229", "correlationVector":"gTM/HBQy075X8B5kop1dJL.2","action":"ProcessGetUpdates", "result":"Done", "context":{"dataType":"History", "deleted":"0", "process_failed_to_decrypt":"0", "process_pending_decryption":"0", "process_success":"250", "total":"250"}}
{"logTime": "0501/144229", "correlationVector":"gTM/HBQy075X8B5kop1dJL.3","action":"GetUpdates Response", "result":"Success", "context":Received 250 update(s). cV=gTM/HBQy075X8B5kop1dJL.0;server=akswtt00700002o;cloudType=Consumer;environment=Prod_francecentral_prod-s01-062-eur-francecentral;migrationStage=NotStarted Some updates remain.}
{"logTime": "0501/144229", "correlationVector":"HB/GX3lX5u4/fcTCrXv8O2","action":"Initial GetUpdates", "result":"", "context":Reason: NEWLY_SUPPORTED_DATATYPE. cV=HB/GX3lX5u4/fcTCrXv8O2}
{"logTime": "0501/144230", "correlationVector":"HB/GX3lX5u4/fcTCrXv8O2.1","action":"SyncServerConnectionManagerRequest", "result":"SYNC_SERVER_OK", "context":{"environment":"Prod_francecentral_prod-s01-062-eur-francecentral", "migrationStage":"NotStarted", "server":"akswtt00700002i"}}
{"logTime": "0501/144230", "correlationVector":"HB/GX3lX5u4/fcTCrXv8O2.2","action":"ProcessGetUpdates", "result":"Done", "context":{"dataType":"History", "deleted":"0", "process_failed_to_decrypt":"0", "process_pending_decryption":"0", "process_success":"250", "total":"250"}}
{"logTime": "0501/144230", "correlationVector":"HB/GX3lX5u4/fcTCrXv8O2.3","action":"GetUpdates Response", "result":"Success", "context":Received 250 update(s). cV=HB/GX3lX5u4/fcTCrXv8O2.0;server=akswtt00700002i;cloudType=Consumer;environment=Prod_francecentral_prod-s01-062-eur-francecentral;migrationStage=NotStarted Some updates remain.}
{"logTime": "0501/144230", "correlationVector":"6PRsTfkfpRWrDBm4bU8Qiy","action":"Initial GetUpdates", "result":"", "context":Reason: NEWLY_SUPPORTED_DATATYPE. cV=6PRsTfkfpRWrDBm4bU8Qiy}
{"logTime": "0501/144230", "correlationVector":"6PRsTfkfpRWrDBm4bU8Qiy.1","action":"SyncServerConnectionManagerRequest", "result":"SYNC_SERVER_OK", "context":{"environment":"Prod_francecentral_prod-s01-062-eur-francecentral", "migrationStage":"NotStarted", "server":"akswtt00700000h"}}
{"logTime": "0501/144230", "correlationVector":"6PRsTfkfpRWrDBm4bU8Qiy.2","action":"ProcessGetUpdates", "result":"Done", "context":{"dataType":"History", "deleted":"0", "process_failed_to_decrypt":"0", "process_pending_decryption":"0", "process_success":"250", "total":"250"}}
{"logTime": "0501/144230", "correlationVector":"6PRsTfkfpRWrDBm4bU8Qiy.3","action":"GetUpdates Response", "result":"Success", "context":Received 250 update(s). cV=6PRsTfkfpRWrDBm4bU8Qiy.0;server=akswtt00700000h;cloudType=Consumer;environment=Prod_francecentral_prod-s01-062-eur-francecentral;migrationStage=NotStarted Some updates remain.}
{"logTime": "0501/144230", "correlationVector":"DmqeitQJ9LklSlyNhPnwlj","action":"Initial GetUpdates", "result":"", "context":Reason: NEWLY_SUPPORTED_DATATYPE. cV=DmqeitQJ9LklSlyNhPnwlj}
{"logTime": "0501/144231", "correlationVector":"DmqeitQJ9LklSlyNhPnwlj.1","action":"SyncServerConnectionManagerRequest", "result":"SYNC_SERVER_OK", "context":{"environment":"Prod_francecentral_prod-s01-062-eur-francecentral", "migrationStage":"NotStarted", "server":"akswtt00700002y"}}
{"logTime": "0501/144231", "correlationVector":"DmqeitQJ9LklSlyNhPnwlj.2","action":"ProcessGetUpdates", "result":"Done", "context":{"dataType":"History", "deleted":"0", "process_failed_to_decrypt":"0", "process_pending_decryption":"0", "process_success":"250", "total":"250"}}
{"logTime": "0501/144231", "correlationVector":"DmqeitQJ9LklSlyNhPnwlj.3","action":"GetUpdates Response", "result":"Success", "context":Received 250 update(s). cV=DmqeitQJ9LklSlyNhPnwlj.0;server=akswtt00700002y;cloudType=Consumer;environment=Prod_francecentral_prod-s01-062-eur-francecentral;migrationStage=NotStarted Some updates remain.}
{"logTime": "0501/144231", "correlationVector":"TMaF7KfycRuabfjOLhd+NK","action":"Initial GetUpdates", "result":"", "context":Reason: NEWLY_SUPPORTED_DATATYPE. cV=TMaF7KfycRuabfjOLhd+NK}
{"logTime": "0501/144233", "correlationVector":"TMaF7KfycRuabfjOLhd+NK.1","action":"SyncServerConnectionManagerRequest", "result":"SYNC_SERVER_OK", "context":{"environment":"Prod_francecentral_prod-s01-062-eur-francecentral", "migrationStage":"NotStarted", "server":"akswtt00700003d"}}
{"logTime": "0501/144233", "correlationVector":"TMaF7KfycRuabfjOLhd+NK.2","action":"ProcessGetUpdates", "result":"Done", "context":{"dataType":"History", "deleted":"0", "process_failed_to_decrypt":"0", "process_pending_decryption":"0", "process_success":"250", "total":"250"}}
{"logTime": "0501/144233", "correlationVector":"TMaF7KfycRuabfjOLhd+NK.3","action":"GetUpdates Response", "result":"Success", "context":Received 250 update(s). cV=TMaF7KfycRuabfjOLhd+NK.0;server=akswtt00700003d;cloudType=Consumer;environment=Prod_francecentral_prod-s01-062-eur-francecentral;migrationStage=NotStarted Some updates remain.}
{"logTime": "0501/144233", "correlationVector":"M6qBwP5lMApCPWkdzxHhO8","action":"Initial GetUpdates", "result":"", "context":Reason: NEWLY_SUPPORTED_DATATYPE. cV=M6qBwP5lMApCPWkdzxHhO8}
{"logTime": "0501/144233", "correlationVector":"M6qBwP5lMApCPWkdzxHhO8.1","action":"SyncServerConnectionManagerRequest", "result":"SYNC_SERVER_OK", "context":{"environment":"Prod_francecentral_prod-s01-062-eur-francecentral", "migrationStage":"NotStarted", "server":"akswtt00700000h"}}
{"logTime": "0501/144233", "correlationVector":"M6qBwP5lMApCPWkdzxHhO8.2","action":"ProcessGetUpdates", "result":"Done", "context":{"dataType":"History", "deleted":"0", "process_failed_to_decrypt":"0", "process_pending_decryption":"0", "process_success":"250", "total":"250"}}
{"logTime": "0501/144233", "correlationVector":"M6qBwP5lMApCPWkdzxHhO8.3","action":"GetUpdates Response", "result":"Success", "context":Received 250 update(s). cV=M6qBwP5lMApCPWkdzxHhO8.0;server=akswtt00700000h;cloudType=Consumer;environment=Prod_francecentral_prod-s01-062-eur-francecentral;migrationStage=NotStarted Some updates remain.}
{"logTime": "0501/144233", "correlationVector":"NyvY1hnYA01wLubMBBTKsy","action":"Initial GetUpdates", "result":"", "context":Reason: NEWLY_SUPPORTED_DATATYPE. cV=NyvY1hnYA01wLubMBBTKsy}
{"logTime": "0501/144235", "correlationVector":"NyvY1hnYA01wLubMBBTKsy.1","action":"SyncServerConnectionManagerRequest", "result":"SYNC_SERVER_OK", "context":{"environment":"Prod_francecentral_prod-s01-062-eur-francecentral", "migrationStage":"NotStarted", "server":"akswtt007000016"}}
{"logTime": "0501/144235", "correlationVector":"NyvY1hnYA01wLubMBBTKsy.2","action":"ProcessGetUpdates", "result":"Done", "context":{"dataType":"History", "deleted":"0", "process_failed_to_decrypt":"0", "process_pending_decryption":"0", "process_success":"250", "total":"250"}}
{"logTime": "0501/144235", "correlationVector":"NyvY1hnYA01wLubMBBTKsy.3","action":"GetUpdates Response", "result":"Success", "context":Received 250 update(s). cV=NyvY1hnYA01wLubMBBTKsy.0;server=akswtt007000016;cloudType=Consumer;environment=Prod_francecentral_prod-s01-062-eur-francecentral;migrationStage=NotStarted Some updates remain.}
{"logTime": "0501/144235", "correlationVector":"P9swHiZXx1sNqV39fMDXv+","action":"Initial GetUpdates", "result":"", "context":Reason: NEWLY_SUPPORTED_DATATYPE. cV=P9swHiZXx1sNqV39fMDXv+}
{"logTime": "0501/144236", "correlationVector":"P9swHiZXx1sNqV39fMDXv+.1","action":"SyncServerConnectionManagerRequest", "result":"SYNC_SERVER_OK", "context":{"environment":"Prod_francecentral_prod-s01-062-eur-francecentral", "migrationStage":"NotStarted", "server":"akswtt00700003d"}}
{"logTime": "0501/144236", "correlationVector":"P9swHiZXx1sNqV39fMDXv+.2","action":"ProcessGetUpdates", "result":"Done", "context":{"dataType":"History", "deleted":"0", "process_failed_to_decrypt":"0", "process_pending_decryption":"0", "process_success":"119", "total":"119"}}
{"logTime": "0501/144236", "correlationVector":"P9swHiZXx1sNqV39fMDXv+.3","action":"GetUpdates Response", "result":"Success", "context":Received 119 update(s). cV=P9swHiZXx1sNqV39fMDXv+.0;server=akswtt00700003d;cloudType=Consumer;environment=Prod_francecentral_prod-s01-062-eur-francecentral;migrationStage=NotStarted}
{"logTime": "0501/144236", "correlationVector":"Pdgtf+DwCBBTBpNffs7OCe","action":"Normal GetUpdate request", "result":"", "context":cV=Pdgtf+DwCBBTBpNffs7OCe
Nudged types: Sessions, Device Info, User Consents, History
Refresh requested types: Bookmarks, Preferences, Passwords, Autofill Profiles, Autofill, Extensions, Sessions, Extension settings, History Delete Directives, Device Info, User Consents, Send Tab To Self, Web Apps, History, Saved Tab Group, Collection, Edge E Drop, Edge Hub App Usage, Edge Tab Group, Edge Wallet, Encryption Keys}
{"logTime": "0501/144238", "correlationVector":"Pdgtf+DwCBBTBpNffs7OCe.1","action":"SyncServerConnectionManagerRequest", "result":"SYNC_SERVER_OK", "context":{"environment":"Prod_francecentral_prod-s01-062-eur-francecentral", "migrationStage":"NotStarted", "server":"akswtt00700002i"}}
{"logTime": "0501/144238", "correlationVector":"Pdgtf+DwCBBTBpNffs7OCe.2","action":"GetUpdates Response", "result":"Success", "context":Received 0 update(s). cV=Pdgtf+DwCBBTBpNffs7OCe.0;server=akswtt00700002i;cloudType=Consumer;environment=Prod_francecentral_prod-s01-062-eur-francecentral;migrationStage=NotStarted}
{"logTime": "0501/144238", "correlationVector":"8X5Oz+GSn218hi5EBBYz2J","action":"Commit Request", "result":"", "context":Item count: 7
Contributing types: Sessions, Device Info, User Consents, History}
{"logTime": "0501/144239", "correlationVector":"8X5Oz+GSn218hi5EBBYz2J.1","action":"SyncServerConnectionManagerRequest", "result":"SYNC_SERVER_OK", "context":{"environment":"Prod_francecentral_prod-s01-062-eur-francecentral", "migrationStage":"NotStarted", "server":"akswtt00700003d"}}
{"logTime": "0501/144239", "correlationVector":"8X5Oz+GSn218hi5EBBYz2J.2","action":"Commit Response", "result":"Success", "context":Result: Success. cV=8X5Oz+GSn218hi5EBBYz2J.0;server=akswtt00700003d;cloudType=Consumer;environment=Prod_francecentral_prod-s01-062-eur-francecentral;migrationStage=NotStarted}
{"logTime": "0501/144248", "correlationVector":"FASTHzjLsaAeduEuGgGg98","action":"Commit Request", "result":"", "context":Item count: 1
Contributing types: Preferences}
{"logTime": "0501/144308", "correlationVector":"FASTHzjLsaAeduEuGgGg98","action":"SyncServerConnectionManagerRequest", "result":"CONNECTION_UNAVAILABLE", "context":{"error_type":"net_error_code", "error_value":"-101"}}
{"logTime": "0501/144308", "correlationVector":"DoCeXkxw0bOLLaTxc2D0Pa.0","action":"Commit Response", "result":"Network error (ERR_CONNECTION_RESET)", "context":Result: Network error (ERR_CONNECTION_RESET). }
{"logTime": "0501/144423", "correlationVector":"0bZn67oAxzwMOclJieKHz7","action":"Commit Request", "result":"", "context":Item count: 2
Contributing types: Preferences, Sessions}
{"logTime": "0501/144423", "correlationVector":"0bZn67oAxzwMOclJieKHz7.1","action":"SyncServerConnectionManagerRequest", "result":"SYNC_SERVER_OK", "context":{"environment":"Prod_francecentral_prod-s01-062-eur-francecentral", "migrationStage":"NotStarted", "server":"akswtt00700001e"}}
{"logTime": "0501/144423", "correlationVector":"0bZn67oAxzwMOclJieKHz7.2","action":"Commit Response", "result":"Success", "context":Result: Success. cV=0bZn67oAxzwMOclJieKHz7.0;server=akswtt00700001e;cloudType=Consumer;environment=Prod_francecentral_prod-s01-062-eur-francecentral;migrationStage=NotStarted}
{"logTime": "0501/144538", "correlationVector":"ltQBMqc5qCuQDD8bbnUOfW","action":"Commit Request", "result":"", "context":Item count: 1
Contributing types: Sessions}
{"logTime": "0501/144541", "correlationVector":"ltQBMqc5qCuQDD8bbnUOfW.1","action":"SyncServerConnectionManagerRequest", "result":"SYNC_SERVER_OK", "context":{"environment":"Prod_germanywestcentral_prod-s01-010-eur-germanywestcentral", "migrationStage":"NotStarted", "server":"akswtt00700001u"}}
{"logTime": "0501/144541", "correlationVector":"ltQBMqc5qCuQDD8bbnUOfW.2","action":"Commit Response", "result":"Success", "context":Result: Success. cV=ltQBMqc5qCuQDD8bbnUOfW.0;server=akswtt00700001u;cloudType=Consumer;environment=Prod_germanywestcentral_prod-s01-010-eur-germanywestcentral;migrationStage=NotStarted}
{"logTime": "0501/144730", "correlationVector":"ukIDkdLzxn54FhIeiXPERw.1","action":"SyncServerConnectionManagerRequest", "result":"SYNC_SERVER_OK", "context":{"environment":"Prod_francecentral_prod-s01-062-eur-francecentral", "migrationStage":"NotStarted", "server":"akswtt00700000k"}}
{"logTime": "0501/144730", "correlationVector":"ukIDkdLzxn54FhIeiXPERw.2","action":"ProcessGetUpdates", "result":"Done", "context":{"dataType":"Encryption Keys", "deleted":"0", "process_failed_to_decrypt":"0", "process_pending_decryption":"0", "process_success":"1", "total":"1"}}
{"logTime": "0501/144731", "correlationVector":"IAXmXJt1qA4ojJJCwgUEvq","action":"SyncServerConnectionManagerRequest", "result":"SYNC_SERVER_OK", "context":{"environment":"", "migrationStage":"", "server":""}}
{"logTime": "0501/144731", "correlationVector":"IAXmXJt1qA4ojJJCwgUEvq.0","action":"EncryptionKeysFetcher.DownloadKeys:", "result":"Success", "context":Key count: 10, Last key timestamp: 2025-03-02T20:58:42Z}
{"logTime": "0501/144731", "correlationVector":"IAXmXJt1qA4ojJJCwgUEvq.1","action":"EncryptionKeysManager::SetEncryptionKeys:", "result":"Success", "context":Key names[10]:[KC7uueTK+29JkFi1gSFTbkvt491gVmhSyITpF5lK2Kx60dKQKC3BGmOxASMZCOfPleHbQcIYFpwN5uJA3TF61w==][RuvEDoidN6SNf3qvmI5b9UPRigUl1INCXVjqC4YuYUi+wWB5NzaW1G4MffVIDHLQ1y+9ObyzJ0WaN4WPCbW8xA==][uD3PklcH6EDb0W+Nx29Tjo+F93FCpbiz44zfJwd3rZQDtPDpTuefiWv7lQDmG3d/ZbWIgT0CdhBwfhM0aRRn+Q==][u2fjDTLmpFnrTDjeeomMhxcV2G7vVvpMr4TIzPPn1hBUP1muQ71QIMP3Leealn8x0V/9N6u2SpvoOUkjbphPyg==][NPhL1MnkLfadQnPhkUARY3vAxrLQR+mL5kvi58bvqYWbXgFThPhyODrF49K5y+f4gVZmyO1xbccQ4zlIf2wVjA==][VIDYjS9kytlQCDwDzSG+OUi19GqGW/6GakkRhRLFOXSH1+ucuw5uZe2BbVKKfI6eh75hSUE84FvTAvpvHR/Wlg==][gBzDv0qjqGXqvnoVETcZUk2TWER16SBDUDUTOLPs9gDxCv7SNrg9bsSekAApZXJ5sCMuVO/8u/D/ixnNZAj/kg==][Y68AojcP6VGHG4UWlxPrsDWFI/ju3ZtEGynOjZVy4eWsnWBkNoFE4S7d/vrb9Z9NZKIwVKNqSIySTCLRP+WZiQ==][aUaC8dWmRoeY7D/b9Eq1rPdYPKyQompHO6teAS0mSEz2iKSy1IzuhrVCw0I84+jcLUs50IlacBXiucy3S7YrPw==][M6zodHg6ybs1Y19DQ4KL+yhyaO963cmXMw9fr6MFth0J1yFPo83r9Pari4B7BHoUlkX2nlDfACKqTi7Pl6SRoA==]}
{"logTime": "0501/144731", "correlationVector":"IAXmXJt1qA4ojJJCwgUEvq.2","action":"EncryptionKeysManager::SetEncryptionKeysWithTimestamps:", "result":"Success", "context":Key timestamps[10]:[2021-12-19T15:45:15Z][2022-04-13T17:52:45Z][2022-10-12T19:29:46Z][2023-04-11T08:10:38Z][2023-06-05T21:50:22Z][2023-08-29T18:52:57Z][2023-10-09T01:21:49Z][2024-03-06T17:41:19Z][2024-09-03T19:25:29Z][2025-03-02T20:58:42Z]}
{"logTime": "0501/144731", "correlationVector":"ukIDkdLzxn54FhIeiXPERw","action":"Initial GetUpdates", "result":"", "context":Reason: NEW_CLIENT. cV=ukIDkdLzxn54FhIeiXPERw}
{"logTime": "0501/144731", "correlationVector":"ukIDkdLzxn54FhIeiXPERw.3","action":"GetUpdates Response", "result":"Success", "context":Received 1 update(s). cV=ukIDkdLzxn54FhIeiXPERw.0;server=akswtt00700000k;cloudType=Consumer;environment=Prod_francecentral_prod-s01-062-eur-francecentral;migrationStage=NotStarted}
{"logTime": "0501/144731", "correlationVector":"S0EyZWpvHjzSKAuQsUT1mV","action":"Initial GetUpdates", "result":"", "context":Reason: NEWLY_SUPPORTED_DATATYPE. cV=S0EyZWpvHjzSKAuQsUT1mV}
{"logTime": "0501/144732", "correlationVector":"S0EyZWpvHjzSKAuQsUT1mV.1","action":"SyncServerConnectionManagerRequest", "result":"SYNC_SERVER_OK", "context":{"environment":"Prod_germanywestcentral_prod-s01-010-eur-germanywestcentral", "migrationStage":"NotStarted", "server":"akswtt007000012"}}
{"logTime": "0501/144732", "correlationVector":"S0EyZWpvHjzSKAuQsUT1mV.2","action":"ProcessGetUpdates", "result":"Done", "context":{"dataType":"Passwords", "deleted":"6", "process_failed_to_decrypt":"0", "process_pending_decryption":"0", "process_success":"250", "total":"250"}}
{"logTime": "0501/144732", "correlationVector":"S0EyZWpvHjzSKAuQsUT1mV.3","action":"GetUpdates Response", "result":"Success", "context":Received 250 update(s). cV=S0EyZWpvHjzSKAuQsUT1mV.0;server=akswtt007000012;cloudType=Consumer;environment=Prod_germanywestcentral_prod-s01-010-eur-germanywestcentral;migrationStage=NotStarted Some updates remain.}
{"logTime": "0501/144732", "correlationVector":"QFYK52x+ZgzyEAjn8radTR","action":"Initial GetUpdates", "result":"", "context":Reason: NEWLY_SUPPORTED_DATATYPE. cV=QFYK52x+ZgzyEAjn8radTR}
{"logTime": "0501/144733", "correlationVector":"QFYK52x+ZgzyEAjn8radTR.1","action":"SyncServerConnectionManagerRequest", "result":"SYNC_SERVER_OK", "context":{"environment":"Prod_germanywestcentral_prod-s01-010-eur-germanywestcentral", "migrationStage":"NotStarted", "server":"akswtt007000019"}}
{"logTime": "0501/144733", "correlationVector":"QFYK52x+ZgzyEAjn8radTR.2","action":"ProcessGetUpdates", "result":"Done", "context":{"dataType":"Passwords", "deleted":"1", "process_failed_to_decrypt":"0", "process_pending_decryption":"0", "process_success":"77", "total":"77"}}
{"logTime": "0501/144733", "correlationVector":"QFYK52x+ZgzyEAjn8radTR.3","action":"GetUpdates Response", "result":"Success", "context":Received 77 update(s). cV=QFYK52x+ZgzyEAjn8radTR.0;server=akswtt007000019;cloudType=Consumer;environment=Prod_germanywestcentral_prod-s01-010-eur-germanywestcentral;migrationStage=NotStarted}
{"logTime": "0501/144733", "correlationVector":"5fLCeqb/sBGxPWSMOkMlXe","action":"Initial GetUpdates", "result":"", "context":Reason: NEWLY_SUPPORTED_DATATYPE. cV=5fLCeqb/sBGxPWSMOkMlXe}
{"logTime": "0501/144733", "correlationVector":"5fLCeqb/sBGxPWSMOkMlXe.1","action":"SyncServerConnectionManagerRequest", "result":"SYNC_SERVER_OK", "context":{"environment":"Prod_germanywestcentral_prod-s01-010-eur-germanywestcentral", "migrationStage":"NotStarted", "server":"akswtt007000021"}}
{"logTime": "0501/144733", "correlationVector":"5fLCeqb/sBGxPWSMOkMlXe.2","action":"ProcessGetUpdates", "result":"Done", "context":{"dataType":"Bookmarks", "deleted":"0", "process_failed_to_decrypt":"0", "process_pending_decryption":"0", "process_success":"89", "total":"89"}}
{"logTime": "0501/144733", "correlationVector":"5fLCeqb/sBGxPWSMOkMlXe.3","action":"GetUpdates Response", "result":"Success", "context":Received 89 update(s). cV=5fLCeqb/sBGxPWSMOkMlXe.0;server=akswtt007000021;cloudType=Consumer;environment=Prod_germanywestcentral_prod-s01-010-eur-germanywestcentral;migrationStage=NotStarted}
{"logTime": "0501/144733", "correlationVector":"V/WaEr8X8xnCNMVAQTeDfN","action":"Normal GetUpdate request", "result":"", "context":cV=V/WaEr8X8xnCNMVAQTeDfN
Nudged types: Sessions, History
Refresh requested types: Bookmarks, Preferences, Passwords, Autofill Profiles, Autofill, Extensions, Sessions, Extension settings, History Delete Directives, Device Info, User Consents, Send Tab To Self, Web Apps, History, Saved Tab Group, Collection, Edge E Drop, Edge Hub App Usage, Edge Tab Group, Edge Wallet, Encryption Keys}
{"logTime": "0501/144733", "correlationVector":"V/WaEr8X8xnCNMVAQTeDfN.1","action":"SyncServerConnectionManagerRequest", "result":"SYNC_SERVER_OK", "context":{"environment":"Prod_germanywestcentral_prod-s01-010-eur-germanywestcentral", "migrationStage":"NotStarted", "server":"akswtt00700001z"}}
{"logTime": "0501/144733", "correlationVector":"V/WaEr8X8xnCNMVAQTeDfN.2","action":"ProcessGetUpdates", "result":"Done", "context":{"dataType":"Preferences", "deleted":"0", "process_failed_to_decrypt":"0", "process_pending_decryption":"0", "process_success":"1", "total":"1"}}
{"logTime": "0501/144733", "correlationVector":"V/WaEr8X8xnCNMVAQTeDfN.3","action":"ProcessGetUpdates", "result":"Done", "context":{"dataType":"Sessions", "deleted":"0", "process_failed_to_decrypt":"0", "process_pending_decryption":"0", "process_success":"3", "total":"3"}}
{"logTime": "0501/144733", "correlationVector":"V/WaEr8X8xnCNMVAQTeDfN.4","action":"ProcessGetUpdates", "result":"Done", "context":{"dataType":"Device Info", "deleted":"0", "process_failed_to_decrypt":"0", "process_pending_decryption":"0", "process_success":"1", "total":"1"}}
{"logTime": "0501/144733", "correlationVector":"V/WaEr8X8xnCNMVAQTeDfN.5","action":"ProcessGetUpdates", "result":"Done", "context":{"dataType":"History", "deleted":"0", "process_failed_to_decrypt":"0", "process_pending_decryption":"0", "process_success":"2", "total":"2"}}
{"logTime": "0501/144733", "correlationVector":"V/WaEr8X8xnCNMVAQTeDfN.6","action":"GetUpdates Response", "result":"Success", "context":Received 7 update(s). cV=V/WaEr8X8xnCNMVAQTeDfN.0;server=akswtt00700001z;cloudType=Consumer;environment=Prod_germanywestcentral_prod-s01-010-eur-germanywestcentral;migrationStage=NotStarted}
{"logTime": "0501/144736", "correlationVector":"UX68YtgwxJJPpbe5tahwrm","action":"Commit Request", "result":"", "context":Item count: 4
Contributing types: Sessions, History}
{"logTime": "0501/144736", "correlationVector":"UX68YtgwxJJPpbe5tahwrm.1","action":"SyncServerConnectionManagerRequest", "result":"SYNC_SERVER_OK", "context":{"environment":"Prod_germanywestcentral_prod-s01-010-eur-germanywestcentral", "migrationStage":"NotStarted", "server":"akswtt00700001g"}}
{"logTime": "0501/144736", "correlationVector":"UX68YtgwxJJPpbe5tahwrm.2","action":"Commit Response", "result":"Success", "context":Result: Success. cV=UX68YtgwxJJPpbe5tahwrm.0;server=akswtt00700001g;cloudType=Consumer;environment=Prod_germanywestcentral_prod-s01-010-eur-germanywestcentral;migrationStage=NotStarted}
{"logTime": "0501/144738", "correlationVector":"/lzFGicLWjQCYHLaRo24OS","action":"Normal GetUpdate request", "result":"", "context":cV=/lzFGicLWjQCYHLaRo24OS
Nudged types: Sessions, History, Edge Hub App Usage
Notified types: History}
{"logTime": "0501/144739", "correlationVector":"/lzFGicLWjQCYHLaRo24OS.1","action":"SyncServerConnectionManagerRequest", "result":"SYNC_SERVER_OK", "context":{"environment":"Prod_germanywestcentral_prod-s01-010-eur-germanywestcentral", "migrationStage":"NotStarted", "server":"akswtt007000012"}}
{"logTime": "0501/144739", "correlationVector":"/lzFGicLWjQCYHLaRo24OS.2","action":"ProcessGetUpdates", "result":"Done", "context":{"dataType":"Sessions", "deleted":"0", "process_failed_to_decrypt":"0", "process_pending_decryption":"0", "process_success":"4", "total":"4"}}
{"logTime": "0501/144739", "correlationVector":"/lzFGicLWjQCYHLaRo24OS.3","action":"ProcessGetUpdates", "result":"Done", "context":{"dataType":"History", "deleted":"0", "process_failed_to_decrypt":"0", "process_pending_decryption":"0", "process_success":"2", "total":"2"}}
{"logTime": "0501/144739", "correlationVector":"/lzFGicLWjQCYHLaRo24OS.4","action":"GetUpdates Response", "result":"Success", "context":Received 6 update(s). cV=/lzFGicLWjQCYHLaRo24OS.0;server=akswtt007000012;cloudType=Consumer;environment=Prod_germanywestcentral_prod-s01-010-eur-germanywestcentral;migrationStage=NotStarted}
{"logTime": "0501/144739", "correlationVector":"mTpcPItEm2fHpUre6FiRyI","action":"DoCompareDataConsistency requsted types: ", "result":"Bookmarks, Preferences, Passwords, Extensions, Extension settings, History Delete Directives, Send Tab To Self, Web Apps, History, Saved Tab Group, Collection, Edge E Drop, Edge Tab Group, Edge Wallet, Encryption Keys"}
{"logTime": "0501/144739", "correlationVector":"mTpcPItEm2fHpUre6FiRyI.0","action":"CompareDataConsistency result: ", "result":"Compare result: Encryption Keys is consistent. local entities count is: 1 local entities hash is: axbIJEENp2+xYePxkGlyt8z93Qk="}
{"logTime": "0501/144739", "correlationVector":"mTpcPItEm2fHpUre6FiRyI.1","action":"CompareDataConsistency result: ", "result":"Compare result: Bookmarks is consistent. local entities count is: 84 local entities hash is: iVk3MnIB9XCsmYArNS+4DdEGbgw="}
{"logTime": "0501/144739", "correlationVector":"mTpcPItEm2fHpUre6FiRyI.2","action":"CompareDataConsistency result: ", "result":"Compare result: Preferences is consistent. local entities count is: 113 local entities hash is: HbnW4i3B9W90iBu2yn3A0pthys8="}
{"logTime": "0501/144739", "correlationVector":"mTpcPItEm2fHpUre6FiRyI.3","action":"CompareDataConsistency result: ", "result":"Compare result: Extensions is consistent. local entities count is: 11 local entities hash is: 5iWEXL4HO0pnAkFDsVFl3nhciO8="}
{"logTime": "0501/144739", "correlationVector":"mTpcPItEm2fHpUre6FiRyI.4","action":"CompareDataConsistency result: ", "result":"Compare result: Extension settings is consistent. local entities count is: 14 local entities hash is: C1YCN83XQQb/9ATSnfc2NyehKPw="}
{"logTime": "0501/144739", "correlationVector":"mTpcPItEm2fHpUre6FiRyI.5","action":"CompareDataConsistency result: ", "result":"Compare result: History Delete Directives is consistent. local entities count is: 0 local entities hash is: "}
{"logTime": "0501/144739", "correlationVector":"mTpcPItEm2fHpUre6FiRyI.6","action":"CompareDataConsistency result: ", "result":"Server did not send this Send Tab To Self local entities count is: 0 local entities hash is: "}
{"logTime": "0501/144739", "correlationVector":"mTpcPItEm2fHpUre6FiRyI.7","action":"CompareDataConsistency result: ", "result":"Compare result: Web Apps is consistent. local entities count is: 2 local entities hash is: gQZXvTdjhJI4mPW9T+m7Kv+jT9Y="}
{"logTime": "0501/144739", "correlationVector":"mTpcPItEm2fHpUre6FiRyI.8","action":"CompareDataConsistency result: ", "result":"Server did not send this History local entities count is: 0 local entities hash is: "}
{"logTime": "0501/144739", "correlationVector":"mTpcPItEm2fHpUre6FiRyI.9","action":"CompareDataConsistency result: ", "result":"Compare result: Saved Tab Group is consistent. local entities count is: 10 local entities hash is: O3oXXSdyeAl1SKbesCJAWj8V1RQ="}
{"logTime": "0501/144739", "correlationVector":"mTpcPItEm2fHpUre6FiRyI.10","action":"CompareDataConsistency result: ", "result":"Compare result: Collection is consistent. local entities count is: 2 local entities hash is: nH/m69l4sF6fn0GPcOGniZ3Qc2c="}
{"logTime": "0501/144739", "correlationVector":"mTpcPItEm2fHpUre6FiRyI.11","action":"CompareDataConsistency result: ", "result":"Compare result: Edge E Drop is consistent. local entities count is: 0 local entities hash is: "}
{"logTime": "0501/144739", "correlationVector":"mTpcPItEm2fHpUre6FiRyI.12","action":"CompareDataConsistency result: ", "result":"Compare result: Edge Tab Group is consistent. local entities count is: 0 local entities hash is: "}
{"logTime": "0501/144739", "correlationVector":"mTpcPItEm2fHpUre6FiRyI.13","action":"CompareDataConsistency result: ", "result":"Compare result: Edge Wallet is consistent. local entities count is: 0 local entities hash is: "}
{"logTime": "0501/144739", "correlationVector":"mTpcPItEm2fHpUre6FiRyI.14","action":"CompareDataConsistency result: ", "result":"Compare result: Passwords is consistent. local entities count is: 320 local entities hash is: OK1xf8d4OVbumSrY8Cs/64UGjq8="}
{"logTime": "0501/144739", "correlationVector":"twJgKYlw+2IuyYQCcOSHMC","action":"Commit Request", "result":"", "context":Item count: 1
Contributing types: Edge Hub App Usage}
{"logTime": "0501/144740", "correlationVector":"twJgKYlw+2IuyYQCcOSHMC.1","action":"SyncServerConnectionManagerRequest", "result":"SYNC_SERVER_OK", "context":{"environment":"Prod_germanywestcentral_prod-s01-010-eur-germanywestcentral", "migrationStage":"NotStarted", "server":"akswtt00700001g"}}
{"logTime": "0501/144740", "correlationVector":"twJgKYlw+2IuyYQCcOSHMC.2","action":"Commit Response", "result":"Success", "context":Result: Success. cV=twJgKYlw+2IuyYQCcOSHMC.0;server=akswtt00700001g;cloudType=Consumer;environment=Prod_germanywestcentral_prod-s01-010-eur-germanywestcentral;migrationStage=NotStarted}
{"logTime": "0501/144740", "correlationVector":"","action":"DIAGNOSTIC_REQUEST|v1/diagnosticData/Diagnostic.SendCheckResult()|SUCCESS", "result":""}
