2025-05-01 14:41:17.440: [INFO][Sync] Reset engine, reason: 8
2025-05-01 14:41:17.440: [INFO][Sync] Stopped: Bookmarks
2025-05-01 14:41:17.440: [INFO][Sync] Stopped: Preferences
2025-05-01 14:41:17.440: [INFO][Sync] Stopped: Passwords
2025-05-01 14:41:17.440: [INFO][Sync] Stopped: Autofill Profiles
2025-05-01 14:41:17.440: [INFO][Sync] Stopped: Autofill
2025-05-01 14:41:17.440: [INFO][Sync] Stopped: Extensions
2025-05-01 14:41:17.440: [INFO][Sync] Stopped: Sessions
2025-05-01 14:41:17.440: [INFO][Sync] Stopped: Extension settings
2025-05-01 14:41:17.440: [INFO][Sync] Stopped: History Delete Directives
2025-05-01 14:41:17.440: [INFO][Sync] Stopped: Device Info
2025-05-01 14:41:17.440: [INFO][Sync] Stopped: User Consents
2025-05-01 14:41:17.440: [INFO][Sync] Stopped: Send Tab To Self
2025-05-01 14:41:17.440: [INFO][Sync] Stopped: Web Apps
2025-05-01 14:41:17.440: [INFO][Sync] Stopped: History
2025-05-01 14:41:17.440: [INFO][Sync] Stopped: Saved Tab Group
2025-05-01 14:41:17.440: [INFO][Sync] Stopped: Collection
2025-05-01 14:41:17.440: [INFO][Sync] Stopped: Edge E Drop
2025-05-01 14:41:17.440: [INFO][Sync] Stopped: Edge Hub App Usage
2025-05-01 14:41:17.440: [INFO][Sync] Stopped: Edge Tab Group
2025-05-01 14:41:17.440: [INFO][Sync] Stopped: Edge Wallet
2025-05-01 14:41:17.441: [INFO][Sync] SyncState after authenticated was: NotSignedIn
2025-05-01 14:41:18.071: [INFO][Sync] Reset engine, reason: 8
2025-05-01 14:41:18.071: [INFO][Sync] Stopped: Bookmarks
2025-05-01 14:41:18.071: [INFO][Sync] Stopped: Preferences
2025-05-01 14:41:18.072: [INFO][Sync] Stopped: Passwords
2025-05-01 14:41:18.072: [INFO][Sync] Stopped: Autofill Profiles
2025-05-01 14:41:18.072: [INFO][Sync] Stopped: Autofill
2025-05-01 14:41:18.072: [INFO][Sync] Stopped: Extensions
2025-05-01 14:41:18.072: [INFO][Sync] Stopped: Sessions
2025-05-01 14:41:18.072: [INFO][Sync] Stopped: Extension settings
2025-05-01 14:41:18.072: [INFO][Sync] Stopped: History Delete Directives
2025-05-01 14:41:18.072: [INFO][Sync] Stopped: Device Info
2025-05-01 14:41:18.072: [INFO][Sync] Stopped: User Consents
2025-05-01 14:41:18.072: [INFO][Sync] Stopped: Send Tab To Self
2025-05-01 14:41:18.072: [INFO][Sync] Stopped: Web Apps
2025-05-01 14:41:18.072: [INFO][Sync] Stopped: History
2025-05-01 14:41:18.072: [INFO][Sync] Stopped: Saved Tab Group
2025-05-01 14:41:18.072: [INFO][Sync] Stopped: Collection
2025-05-01 14:41:18.072: [INFO][Sync] Stopped: Edge E Drop
2025-05-01 14:41:18.072: [INFO][Sync] Stopped: Edge Hub App Usage
2025-05-01 14:41:18.072: [INFO][Sync] Stopped: Edge Tab Group
2025-05-01 14:41:18.072: [INFO][Sync] Stopped: Edge Wallet
2025-05-01 14:41:42.907: [INFO][Sync] Try to start sync engine
2025-05-01 14:41:42.920: [INFO][SyncManagerImpl::NudgeForInitialDownload] Initial download nudge for Encryption Keys
2025-05-01 14:41:42.920: [INFO][SyncEngineBackend::LoadAndConnectNigoriController] Load and connect Nigori controller
2025-05-01 14:41:42.920: [INFO][SyncEngineBackend::DoInitialize] Control Types added: Encryption Keys
2025-05-01 14:41:42.920: [INFO][SyncManagerImpl::ConfigureSyncer] Types to download: Encryption Keys with reason: 3
2025-05-01 14:41:42.920: [INFO][SyncSchedulerImpl::DoConfigurationSyncCycleJob] Configure job was blocked
2025-05-01 14:41:43.245: [INFO][SyncAuthManager::SetLastAuthError] Current auth error: None
2025-05-01 14:41:43.245: [INFO][SyncAuthManager::EdgeLogTokenErrorState] Token error with: None for account type: MSA
2025-05-01 14:41:43.245: [INFO][Sync] Credentials changed for: EdgeSyncScopeNew
2025-05-01 14:41:45.493: [INFO][SyncAuthManager::SetLastAuthError] Current auth error: None
2025-05-01 14:41:45.494: [INFO][SyncAuthManager::EdgeLogTokenErrorState] Token error with: None for account type: MSA
2025-05-01 14:41:45.494: [INFO][Sync] Credentials changed for: EdgeSyncKeyDataScope
2025-05-01 14:41:45.494: [INFO][SyncEngineBackend::DoUpdateKeyDataCredentials] Update key data credentials
2025-05-01 14:41:45.494: [INFO][SyncEngineBackend::DoUpdateCredentials] Update credentials
2025-05-01 14:41:45.494: [INFO][SyncSchedulerImpl::DoConfigurationSyncCycleJob] Blocked types:  and types to download: Encryption Keys
2025-05-01 14:41:53.625: [INFO][Sync] Started DataTypeManager configuration, reason: 4
2025-05-01 14:41:53.625: [INFO][Sync] Configuring for: Bookmarks, Preferences, Passwords, Autofill Profiles, Autofill, Extensions, Sessions, Extension settings, History Delete Directives, Device Info, User Consents, Send Tab To Self, Web Apps, History, Saved Tab Group, Collection, Edge E Drop, Edge Hub App Usage, Edge Tab Group, Edge Wallet, Encryption Keys, reason: 3, current state: 0
2025-05-01 14:41:53.625: [WARN][Sync] Crypto error data types: Passwords, Autofill Profiles, Autofill
2025-05-01 14:41:53.626: [INFO][Sync] Configure, desired: Bookmarks, Preferences, Extensions, Sessions, Extension settings, History Delete Directives, Device Info, User Consents, Send Tab To Self, Web Apps, History, Saved Tab Group, Collection, Edge E Drop, Edge Hub App Usage, Edge Tab Group, Edge Wallet, Encryption Keys; Allow fail: Passwords, Autofill Profiles, Autofill
2025-05-01 14:41:53.626: [INFO][Sync] Loading: Bookmarks
2025-05-01 14:41:53.626: [INFO][Sync] Loading: Preferences
2025-05-01 14:41:53.626: [INFO][Sync] Loading: Extensions
2025-05-01 14:41:53.627: [INFO][Sync] Loading: Sessions
2025-05-01 14:41:53.627: [INFO][Sync] Loading: Extension settings
2025-05-01 14:41:53.627: [INFO][Sync] Loading: History Delete Directives
2025-05-01 14:41:53.627: [INFO][Sync] Loading: Device Info
2025-05-01 14:41:53.627: [INFO][Sync] Loading: User Consents
2025-05-01 14:41:53.627: [INFO][Sync] Loading: Send Tab To Self
2025-05-01 14:41:53.627: [INFO][Sync] Loading: Web Apps
2025-05-01 14:41:53.627: [INFO][Sync] Loading: History
2025-05-01 14:41:53.627: [INFO][Sync] Loading: Saved Tab Group
2025-05-01 14:41:53.627: [INFO][Sync] Loading: Collection
2025-05-01 14:41:53.627: [INFO][Sync] Loading: Edge E Drop
2025-05-01 14:41:53.627: [INFO][Sync] Loading: Edge Hub App Usage
2025-05-01 14:41:53.627: [INFO][Sync] Loading: Edge Tab Group
2025-05-01 14:41:53.627: [INFO][Sync] Loading: Edge Wallet
2025-05-01 14:41:53.633: [INFO][Sync] All data types are ready for configure.
2025-05-01 14:42:00.030: [INFO][Sync] Started DataTypeManager configuration, reason: 5
2025-05-01 14:42:00.030: [INFO][Sync] Configuring for: Bookmarks, Preferences, Passwords, Autofill Profiles, Autofill, Extensions, Sessions, Extension settings, History Delete Directives, Device Info, User Consents, Send Tab To Self, Web Apps, History, Saved Tab Group, Collection, Edge E Drop, Edge Hub App Usage, Edge Tab Group, Edge Wallet, Encryption Keys, reason: 5, current state: 1
2025-05-01 14:42:00.229: [INFO][SyncEngineBackend::DoStartConfiguration] Start configuration
2025-05-01 14:42:00.229: [INFO][SyncManagerImpl::NudgeForInitialDownload] Initial download nudge for Bookmarks
2025-05-01 14:42:00.229: [INFO][SyncManagerImpl::NudgeForInitialDownload] Initial download nudge for Preferences
2025-05-01 14:42:00.229: [INFO][SyncManagerImpl::NudgeForInitialDownload] Initial download nudge for Extensions
2025-05-01 14:42:00.229: [INFO][SyncManagerImpl::NudgeForInitialDownload] Initial download nudge for Sessions
2025-05-01 14:42:00.229: [INFO][SyncManagerImpl::NudgeForInitialDownload] Initial download nudge for Extension settings
2025-05-01 14:42:00.229: [INFO][SyncManagerImpl::NudgeForInitialDownload] Initial download nudge for History Delete Directives
2025-05-01 14:42:00.229: [INFO][SyncManagerImpl::NudgeForInitialDownload] Initial download nudge for Device Info
2025-05-01 14:42:00.229: [INFO][SyncManagerImpl::NudgeForInitialDownload] Initial download nudge for Send Tab To Self
2025-05-01 14:42:00.229: [INFO][SyncManagerImpl::NudgeForInitialDownload] Initial download nudge for Web Apps
2025-05-01 14:42:00.229: [INFO][SyncManagerImpl::NudgeForInitialDownload] Initial download nudge for History
2025-05-01 14:42:00.229: [INFO][SyncManagerImpl::NudgeForInitialDownload] Initial download nudge for Saved Tab Group
2025-05-01 14:42:00.229: [INFO][SyncManagerImpl::NudgeForInitialDownload] Initial download nudge for Collection
2025-05-01 14:42:00.229: [INFO][SyncManagerImpl::NudgeForInitialDownload] Initial download nudge for Edge E Drop
2025-05-01 14:42:00.229: [INFO][SyncManagerImpl::NudgeForInitialDownload] Initial download nudge for Edge Hub App Usage
2025-05-01 14:42:00.229: [INFO][SyncManagerImpl::NudgeForInitialDownload] Initial download nudge for Edge Tab Group
2025-05-01 14:42:00.229: [INFO][SyncManagerImpl::NudgeForInitialDownload] Initial download nudge for Edge Wallet
2025-05-01 14:42:00.229: [INFO][SyncManagerImpl::ConfigureSyncer] Types to download:  with reason: 3
2025-05-01 14:42:00.229: [INFO][SyncEngineBackend::DoFinishConfigureDataTypes] Failed to download types:  and succeeded types: 
2025-05-01 14:42:00.231: [INFO][Sync] ConfigurationDone, failed: , succeeded: , remaining count: 4
2025-05-01 14:42:00.231: [WARN][Sync]     Reconfigure requested while configuration ongoing.
2025-05-01 14:42:00.231: [INFO][Sync] Configuring for: Bookmarks, Preferences, Passwords, Autofill Profiles, Autofill, Extensions, Sessions, Extension settings, History Delete Directives, Device Info, User Consents, Send Tab To Self, Web Apps, History, Saved Tab Group, Collection, Edge E Drop, Edge Hub App Usage, Edge Tab Group, Edge Wallet, Encryption Keys, reason: 5, current state: 2
2025-05-01 14:42:00.231: [INFO][Sync] Configure, desired: Bookmarks, Preferences, Passwords, Autofill Profiles, Autofill, Extensions, Sessions, Extension settings, History Delete Directives, Device Info, User Consents, Send Tab To Self, Web Apps, History, Saved Tab Group, Collection, Edge E Drop, Edge Hub App Usage, Edge Tab Group, Edge Wallet, Encryption Keys; Allow fail: 
2025-05-01 14:42:00.231: [INFO][Sync] Loading: Passwords
2025-05-01 14:42:00.231: [INFO][Sync] Loading: Autofill Profiles
2025-05-01 14:42:00.231: [INFO][Sync] Loading: Autofill
2025-05-01 14:42:00.231: [INFO][Sync] All data types are ready for configure.
2025-05-01 14:42:00.231: [INFO][SyncManagerImpl::NudgeForInitialDownload] Initial download nudge for Passwords
2025-05-01 14:42:00.232: [INFO][SyncManagerImpl::NudgeForInitialDownload] Initial download nudge for Autofill Profiles
2025-05-01 14:42:00.232: [INFO][SyncManagerImpl::NudgeForInitialDownload] Initial download nudge for Autofill
2025-05-01 14:42:00.232: [INFO][SyncManagerImpl::ConfigureSyncer] Types to download:  with reason: 5
2025-05-01 14:42:00.232: [INFO][SyncEngineBackend::DoFinishConfigureDataTypes] Failed to download types:  and succeeded types: 
2025-05-01 14:42:00.232: [INFO][Sync] ConfigurationDone, failed: , succeeded: , remaining count: 4
2025-05-01 14:42:00.232: [INFO][Sync] Prepare to configure types: Preferences, Passwords, Device Info, Send Tab To Self, Edge E Drop, Encryption Keys
2025-05-01 14:42:00.232: [INFO][SyncManagerImpl::ConfigureSyncer] Types to download: Preferences, Passwords, Device Info, Send Tab To Self, Edge E Drop, Encryption Keys with reason: 5
2025-05-01 14:42:00.232: [INFO][SyncSchedulerImpl::DoConfigurationSyncCycleJob] Blocked types:  and types to download: Preferences, Passwords, Device Info, Send Tab To Self, Edge E Drop, Encryption Keys
2025-05-01 14:42:22.139: [INFO][SyncEngineBackend::DoFinishConfigureDataTypes] Failed to download types:  and succeeded types: Preferences, Passwords, Device Info, Send Tab To Self, Edge E Drop, Encryption Keys
2025-05-01 14:42:22.163: [INFO][Sync] ConfigurationDone, failed: , succeeded: Preferences, Passwords, Device Info, Send Tab To Self, Edge E Drop, Encryption Keys, remaining count: 3
2025-05-01 14:42:22.163: [INFO][Sync] Prepare to configure types: Bookmarks, Encryption Keys
2025-05-01 14:42:22.164: [INFO][SyncManagerImpl::ConfigureSyncer] Types to download: Bookmarks, Encryption Keys with reason: 5
2025-05-01 14:42:22.164: [INFO][SyncSchedulerImpl::DoConfigurationSyncCycleJob] Blocked types:  and types to download: Bookmarks, Encryption Keys
2025-05-01 14:42:22.641: [INFO][SyncEngineBackend::DoFinishConfigureDataTypes] Failed to download types:  and succeeded types: Bookmarks, Encryption Keys
2025-05-01 14:42:22.655: [INFO][Sync] ConfigurationDone, failed: , succeeded: Bookmarks, Encryption Keys, remaining count: 2
2025-05-01 14:42:22.655: [INFO][Sync] Prepare to configure types: Autofill Profiles, Autofill, Extensions, Sessions, Extension settings, History Delete Directives, Web Apps, Saved Tab Group, Collection, Edge Hub App Usage, Edge Tab Group, Edge Wallet, Encryption Keys
2025-05-01 14:42:22.655: [INFO][SyncManagerImpl::ConfigureSyncer] Types to download: Autofill Profiles, Autofill, Extensions, Sessions, Extension settings, History Delete Directives, Web Apps, Saved Tab Group, Collection, Edge Hub App Usage, Edge Tab Group, Edge Wallet, Encryption Keys with reason: 5
2025-05-01 14:42:22.655: [INFO][SyncSchedulerImpl::DoConfigurationSyncCycleJob] Blocked types:  and types to download: Autofill Profiles, Autofill, Extensions, Sessions, Extension settings, History Delete Directives, Web Apps, Saved Tab Group, Collection, Edge Hub App Usage, Edge Tab Group, Edge Wallet, Encryption Keys
2025-05-01 14:42:26.049: [INFO][SyncEngineBackend::DoFinishConfigureDataTypes] Failed to download types:  and succeeded types: Autofill Profiles, Autofill, Extensions, Sessions, Extension settings, History Delete Directives, Web Apps, Saved Tab Group, Collection, Edge Hub App Usage, Edge Tab Group, Edge Wallet, Encryption Keys
2025-05-01 14:42:26.053: [INFO][Sync] ConfigurationDone, failed: , succeeded: Autofill Profiles, Autofill, Extensions, Sessions, Extension settings, History Delete Directives, Web Apps, Saved Tab Group, Collection, Edge Hub App Usage, Edge Tab Group, Edge Wallet, Encryption Keys, remaining count: 1
2025-05-01 14:42:26.055: [INFO][Sync] Prepare to configure types: History, Encryption Keys
2025-05-01 14:42:26.055: [INFO][SyncManagerImpl::ConfigureSyncer] Types to download: History, Encryption Keys with reason: 5
2025-05-01 14:42:26.055: [INFO][SyncSchedulerImpl::DoConfigurationSyncCycleJob] Blocked types:  and types to download: History, Encryption Keys
2025-05-01 14:42:36.365: [INFO][SyncEngineBackend::DoFinishConfigureDataTypes] Failed to download types:  and succeeded types: History, Encryption Keys
2025-05-01 14:42:36.376: [INFO][Sync] ConfigurationDone, failed: , succeeded: History, Encryption Keys, remaining count: 0
2025-05-01 14:42:36.378: [INFO][Sync]     Configuration completed, state: 7
2025-05-01 14:42:36.378: [INFO][Sync] Configured DataTypeManager: Ok
2025-05-01 14:42:36.382: [INFO][SyncEngineBackend::DoStartSyncing] Start syncing
2025-05-01 14:43:08.215: [INFO][SyncSchedulerImpl::OnSyncNetworkError] Syncer error: Network error (ERR_CONNECTION_RESET)
2025-05-01 14:43:08.215: [INFO][Commit::ReportFullCommitFailure] Commit Preferences failed with error: NetworkError
2025-05-01 14:43:08.216: [INFO][SyncSchedulerImpl::DoNudgeSyncCycleJob] Syncer error: Network error (ERR_CONNECTION_RESET)
2025-05-01 14:43:08.218: [WARN][Sync] NetworkError: Network error (ERR_CONNECTION_RESET)
2025-05-01 14:45:50.455: [INFO][Sync] Reset engine, reason: 0
2025-05-01 14:45:50.455: [INFO][Sync] Reset engine with reason: 0
2025-05-01 14:47:27.136: [INFO][Sync] SyncState after authenticated was: FeatureCanStart
2025-05-01 14:47:28.105: [INFO][Sync] Try to start sync engine
2025-05-01 14:47:28.107: [INFO][SyncManagerImpl::NudgeForInitialDownload] Initial download nudge for Encryption Keys
2025-05-01 14:47:28.107: [INFO][SyncEngineBackend::LoadAndConnectNigoriController] Load and connect Nigori controller
2025-05-01 14:47:28.107: [INFO][SyncEngineBackend::DoInitialize] Control Types added: Encryption Keys
2025-05-01 14:47:28.107: [INFO][SyncManagerImpl::ConfigureSyncer] Types to download: Encryption Keys with reason: 3
2025-05-01 14:47:28.107: [INFO][SyncSchedulerImpl::DoConfigurationSyncCycleJob] Configure job was blocked
2025-05-01 14:47:28.269: [INFO][SyncAuthManager::SetLastAuthError] Current auth error: None
2025-05-01 14:47:28.269: [INFO][SyncAuthManager::EdgeLogTokenErrorState] Token error with: None for account type: MSA
2025-05-01 14:47:28.269: [INFO][Sync] Credentials changed for: EdgeSyncScopeNew
2025-05-01 14:47:30.491: [INFO][SyncAuthManager::SetLastAuthError] Current auth error: None
2025-05-01 14:47:30.491: [INFO][SyncAuthManager::EdgeLogTokenErrorState] Token error with: None for account type: MSA
2025-05-01 14:47:30.491: [INFO][Sync] Credentials changed for: EdgeSyncKeyDataScope
2025-05-01 14:47:30.491: [INFO][SyncEngineBackend::DoUpdateKeyDataCredentials] Update key data credentials
2025-05-01 14:47:30.491: [INFO][SyncEngineBackend::DoUpdateCredentials] Update credentials
2025-05-01 14:47:30.492: [INFO][SyncSchedulerImpl::DoConfigurationSyncCycleJob] Blocked types:  and types to download: Encryption Keys
2025-05-01 14:47:30.969: [INFO][Sync] Started DataTypeManager configuration, reason: 4
2025-05-01 14:47:30.969: [INFO][Sync] Configuring for: Bookmarks, Preferences, Passwords, Autofill Profiles, Autofill, Extensions, Sessions, Extension settings, History Delete Directives, Device Info, User Consents, Send Tab To Self, Web Apps, History, Saved Tab Group, Collection, Edge E Drop, Edge Hub App Usage, Edge Tab Group, Edge Wallet, Encryption Keys, reason: 4, current state: 0
2025-05-01 14:47:30.969: [WARN][Sync] Crypto error data types: Passwords, Autofill Profiles, Autofill
2025-05-01 14:47:30.974: [INFO][Sync] Configure, desired: Bookmarks, Preferences, Extensions, Sessions, Extension settings, History Delete Directives, Device Info, User Consents, Send Tab To Self, Web Apps, History, Saved Tab Group, Collection, Edge E Drop, Edge Hub App Usage, Edge Tab Group, Edge Wallet, Encryption Keys; Allow fail: Passwords, Autofill Profiles, Autofill
2025-05-01 14:47:30.974: [INFO][Sync] Loading: Bookmarks
2025-05-01 14:47:30.974: [INFO][Sync] Loading: Preferences
2025-05-01 14:47:30.974: [INFO][Sync] Loading: Extensions
2025-05-01 14:47:30.974: [INFO][Sync] Loading: Sessions
2025-05-01 14:47:30.974: [INFO][Sync] Loading: Extension settings
2025-05-01 14:47:30.974: [INFO][Sync] Loading: History Delete Directives
2025-05-01 14:47:30.975: [INFO][Sync] Loading: Device Info
2025-05-01 14:47:30.975: [INFO][Sync] Loading: User Consents
2025-05-01 14:47:30.975: [INFO][Sync] Loading: Send Tab To Self
2025-05-01 14:47:30.975: [INFO][Sync] Loading: Web Apps
2025-05-01 14:47:30.975: [INFO][Sync] Loading: History
2025-05-01 14:47:30.975: [INFO][Sync] Loading: Saved Tab Group
2025-05-01 14:47:30.975: [INFO][Sync] Loading: Collection
2025-05-01 14:47:30.975: [INFO][Sync] Loading: Edge E Drop
2025-05-01 14:47:30.975: [INFO][Sync] Loading: Edge Hub App Usage
2025-05-01 14:47:30.975: [INFO][Sync] Loading: Edge Tab Group
2025-05-01 14:47:30.975: [INFO][Sync] Loading: Edge Wallet
2025-05-01 14:47:30.990: [INFO][Sync] All data types are ready for configure.
2025-05-01 14:47:31.830: [INFO][Sync] Started DataTypeManager configuration, reason: 5
2025-05-01 14:47:31.830: [INFO][Sync] Configuring for: Bookmarks, Preferences, Passwords, Autofill Profiles, Autofill, Extensions, Sessions, Extension settings, History Delete Directives, Device Info, User Consents, Send Tab To Self, Web Apps, History, Saved Tab Group, Collection, Edge E Drop, Edge Hub App Usage, Edge Tab Group, Edge Wallet, Encryption Keys, reason: 5, current state: 1
2025-05-01 14:47:31.851: [INFO][SyncEngineBackend::DoStartConfiguration] Start configuration
2025-05-01 14:47:31.851: [INFO][SyncManagerImpl::NudgeForInitialDownload] Initial download nudge for Bookmarks
2025-05-01 14:47:31.852: [INFO][SyncManagerImpl::ConfigureSyncer] Types to download:  with reason: 4
2025-05-01 14:47:31.852: [INFO][SyncEngineBackend::DoFinishConfigureDataTypes] Failed to download types:  and succeeded types: 
2025-05-01 14:47:31.852: [INFO][Sync] ConfigurationDone, failed: , succeeded: , remaining count: 4
2025-05-01 14:47:31.852: [WARN][Sync]     Reconfigure requested while configuration ongoing.
2025-05-01 14:47:31.852: [INFO][Sync] Configuring for: Bookmarks, Preferences, Passwords, Autofill Profiles, Autofill, Extensions, Sessions, Extension settings, History Delete Directives, Device Info, User Consents, Send Tab To Self, Web Apps, History, Saved Tab Group, Collection, Edge E Drop, Edge Hub App Usage, Edge Tab Group, Edge Wallet, Encryption Keys, reason: 5, current state: 2
2025-05-01 14:47:31.852: [INFO][Sync] Configure, desired: Bookmarks, Preferences, Passwords, Autofill Profiles, Autofill, Extensions, Sessions, Extension settings, History Delete Directives, Device Info, User Consents, Send Tab To Self, Web Apps, History, Saved Tab Group, Collection, Edge E Drop, Edge Hub App Usage, Edge Tab Group, Edge Wallet, Encryption Keys; Allow fail: 
2025-05-01 14:47:31.852: [INFO][Sync] Loading: Passwords
2025-05-01 14:47:31.852: [INFO][Sync] Loading: Autofill Profiles
2025-05-01 14:47:31.852: [INFO][Sync] Loading: Autofill
2025-05-01 14:47:31.852: [INFO][Sync] All data types are ready for configure.
2025-05-01 14:47:31.853: [INFO][SyncManagerImpl::NudgeForInitialDownload] Initial download nudge for Passwords
2025-05-01 14:47:31.853: [INFO][SyncManagerImpl::ConfigureSyncer] Types to download:  with reason: 5
2025-05-01 14:47:31.853: [INFO][SyncEngineBackend::DoFinishConfigureDataTypes] Failed to download types:  and succeeded types: 
2025-05-01 14:47:31.853: [INFO][Sync] ConfigurationDone, failed: , succeeded: , remaining count: 4
2025-05-01 14:47:31.853: [INFO][Sync] Prepare to configure types: Passwords, Encryption Keys
2025-05-01 14:47:31.853: [INFO][SyncManagerImpl::ConfigureSyncer] Types to download: Passwords, Encryption Keys with reason: 5
2025-05-01 14:47:31.853: [INFO][SyncSchedulerImpl::DoConfigurationSyncCycleJob] Blocked types:  and types to download: Passwords, Encryption Keys
2025-05-01 14:47:33.104: [INFO][SyncEngineBackend::DoFinishConfigureDataTypes] Failed to download types:  and succeeded types: Passwords, Encryption Keys
2025-05-01 14:47:33.109: [INFO][Sync] ConfigurationDone, failed: , succeeded: Passwords, Encryption Keys, remaining count: 3
2025-05-01 14:47:33.109: [INFO][Sync] Prepare to configure types: Bookmarks, Encryption Keys
2025-05-01 14:47:33.109: [INFO][SyncManagerImpl::ConfigureSyncer] Types to download: Bookmarks, Encryption Keys with reason: 5
2025-05-01 14:47:33.109: [INFO][SyncSchedulerImpl::DoConfigurationSyncCycleJob] Blocked types:  and types to download: Bookmarks, Encryption Keys
2025-05-01 14:47:33.370: [INFO][SyncEngineBackend::DoFinishConfigureDataTypes] Failed to download types:  and succeeded types: Bookmarks, Encryption Keys
2025-05-01 14:47:33.409: [INFO][Sync] ConfigurationDone, failed: , succeeded: Bookmarks, Encryption Keys, remaining count: 2
2025-05-01 14:47:33.411: [INFO][SyncManagerImpl::ConfigureSyncer] Types to download:  with reason: 5
2025-05-01 14:47:33.411: [INFO][SyncEngineBackend::DoFinishConfigureDataTypes] Failed to download types:  and succeeded types: 
2025-05-01 14:47:33.427: [INFO][Sync] ConfigurationDone, failed: , succeeded: , remaining count: 1
2025-05-01 14:47:33.432: [INFO][SyncManagerImpl::ConfigureSyncer] Types to download:  with reason: 5
2025-05-01 14:47:33.432: [INFO][SyncEngineBackend::DoFinishConfigureDataTypes] Failed to download types:  and succeeded types: 
2025-05-01 14:47:33.433: [INFO][Sync] ConfigurationDone, failed: , succeeded: , remaining count: 0
2025-05-01 14:47:33.442: [INFO][Sync]     Configuration completed, state: 7
2025-05-01 14:47:33.443: [INFO][Sync] Configured DataTypeManager: Ok
2025-05-01 14:47:33.449: [INFO][SyncEngineBackend::DoStartSyncing] Start syncing
2025-05-01 14:48:14.615: [INFO][Sync] Reset engine, reason: 0
2025-05-01 14:48:14.615: [INFO][Sync] Reset engine with reason: 0
